[wineandrubs.co.ke/index.html]
[backblue.gif]
[fade.gif]
[index.html]
[fonts.googleapis.com/index.html]
[wineandrubs.co.ke/wp-content/plugins/woocommerce-points-and-rewards/build/style-indexa1bd.css]
[wineandrubs.co.ke/feed/index.html]
[wineandrubs.co.ke/comments/feed/index.html]
[wineandrubs.co.ke/wp-includes/css/dist/block-library/style.minadc6.css]
[wineandrubs.co.ke/wp-content/plugins/blossomthemes-toolkit/public/css/blossomthemes-toolkit-public.mindbc2.css]
[wineandrubs.co.ke/wp-content/plugins/woo-mpesa/public/css/wc-kb-mpesa-publicf269.css]
[wineandrubs.co.ke/wp-content/plugins/woocommerce-menu-bar-cart/assets/css/wpmenucart-icons.mind1e7.css]
[wineandrubs.co.ke/wp-content/plugins/woocommerce-menu-bar-cart/assets/fonts/WPMenuCart.eot]
[wineandrubs.co.ke/wp-content/plugins/woocommerce-menu-bar-cart/assets/css/wpmenucart-main.mind1e7.css]
[wineandrubs.co.ke/wp-content/plugins/woocommerce/assets/css/woocommerce-layoutc484.css]
[wineandrubs.co.ke/wp-content/plugins/woocommerce/assets/css/woocommerce-smallscreenc484.css]
[wineandrubs.co.ke/wp-content/plugins/woocommerce/assets/css/woocommercec484.css]
[wineandrubs.co.ke/wp-content/themes/blossom-spa/css/woocommerce.mine34c.css]
[wineandrubs.co.ke/wp-content/themes/blossom-spa/css/animate.min49eb.css]
[wineandrubs.co.ke/wp-content/themes/blossom-spa/css/owl.carousel.min77e6.css]
[wineandrubs.co.ke/wp-content/themes/blossom-spa/css/perfect-scrollbar.minc6bd.css]
[wineandrubs.co.ke/wp-content/themes/blossom-spa/stylee34c.css]
[wineandrubs.co.ke/wp-includes/js/jquery/jquery.minf43b.js]
[wineandrubs.co.ke/wp-includes/js/jquery/jquery-migrate.min5589.js]
[wineandrubs.co.ke/wp-content/plugins/woo-mpesa/public/js/wc-kb-mpesa-publicf269.js]
[wineandrubs.co.ke/wp-content/plugins/woocommerce-menu-bar-cart/assets/js/wpmenucart-ajax-assist.mind1e7.js]
[wineandrubs.co.ke/wp-content/plugins/woocommerce/assets/js/jquery-blockui/jquery.blockUI.minc854.js]
[wineandrubs.co.ke/wp-content/plugins/woocommerce/assets/js/frontend/add-to-cart.minc484.js]
[wineandrubs.co.ke/wp-content/plugins/woocommerce/assets/js/js-cookie/js.cookie.min8730.js]
[wineandrubs.co.ke/wp-content/plugins/woocommerce/assets/js/frontend/woocommerce.minc484.js]
[wineandrubs.co.ke/wp-content/plugins/pw-gift-cards/assets/js/moment-with-locales.mineb19.js]
[wineandrubs.co.ke/wp-content/plugins/pw-gift-cards/assets/js/pikaday-1.8.2.mineb19.js]
[wineandrubs.co.ke/wp-content/plugins/pw-gift-cards/assets/js/pw-gift-cardseb19.js]
[wineandrubs.co.ke/wp-json/wp/v2/pages/11.json]
[wineandrubs.co.ke/wp-json/index.html]
[wineandrubs.co.ke/wp-json/oembed/1.0/embedff01.json]
[wineandrubs.co.ke/wp-json/oembed/1.0/embed79d6]
[wineandrubs.co.ke/wp-content/uploads/2022/06/wine-n-rubs-modified-60x60.png]
[wineandrubs.co.ke/wp-content/uploads/2022/06/wine-n-rubs-modified-300x300.png]
[wineandrubs.co.ke/wp-content/uploads/2021/10/orgonic-cosmetics.jpg]
[wineandrubs.co.ke/wp-content/uploads/2021/12/cropped-cropped-Wine_n_Rub_Bags-1-removebg-e1638893376264-1.png]
[wineandrubs.co.ke/wp-content/uploads/2023/03/Image-27-03-2023-at-09.45.jpg]
[wineandrubs.co.ke/who-we-are/index.html]
[wineandrubs.co.ke/reviews/index.html]
[wineandrubs.co.ke/catalogue/index.html]
[wineandrubs.co.ke/blog/index.html]
[wineandrubs.co.ke/book-now/index.html]
[wineandrubs.co.ke/product/gift-card/index.html]
[wineandrubs.co.ke/wp-content/uploads/2023/04/young-woman-relaxing-while-taking-bath_23-2149239379.jpg-2-480x324.jpg]
[wineandrubs.co.ke/my-account/index.html]
[wineandrubs.co.ke/services/index.html]
[wineandrubs.co.ke/wp-content/uploads/2021/11/a-woman-has-a-soothing-ayurveda-massage-to-her-forehead-157647424-587fd3723df78c2ccde4465e-5bad17274cedfd00267dbe50-480x324.jpg]
[wineandrubs.co.ke/wp-content/uploads/2022/06/istock-486872832.jpg-480x324.webp]
[wineandrubs.co.ke/wp-content/uploads/2023/05/photo-1675159364615-38e1f6b62282.jpg]
[wineandrubs.co.ke/wp-content/uploads/2023/05/1-2.jpg]
[cdn.trustindex.io/assets/platform/Google/logo-dark.svg]
[lh3.googleusercontent.com/a/unnamed.png]
[lh3.googleusercontent.com/a/unnamed-2.png]
[lh3.googleusercontent.com/a/unnamed-3.png]
[lh3.googleusercontent.com/a-/unnamed.png]
[lh3.googleusercontent.com/a-/unnamed-2.png]
[lh3.googleusercontent.com/a-/unnamed-3.png]
[lh3.googleusercontent.com/a-/unnamed-4.png]
[lh3.googleusercontent.com/a-/unnamed-5.png]
[lh3.googleusercontent.com/a-/unnamed-6.png]
[lh3.googleusercontent.com/a/unnamed-4.png]
[wineandrubs.co.ke/wp-content/plugins/woocommerce/assets/client/blocks/wc-blocks58b2.css]
[wineandrubs.co.ke/wp-content/uploads/trustindex-google-widget5f44.css]
[wineandrubs.co.ke/wp-content/plugins/autocomplete-google-address/js/customadc6.js]
[wineandrubs.co.ke/wp-content/plugins/blossomthemes-toolkit/public/js/isotope.pkgd.min8d18.js]
[wineandrubs.co.ke/wp-includes/js/imagesloaded.minbb93.js]
[wineandrubs.co.ke/wp-includes/js/masonry.min3a05.js]
[wineandrubs.co.ke/wp-content/plugins/blossomthemes-toolkit/public/js/blossomthemes-toolkit-public.mindbc2.js]
[wineandrubs.co.ke/wp-content/plugins/blossomthemes-toolkit/public/js/fontawesome/v4-shims.min6a4d.js]
[wineandrubs.co.ke/wp-content/plugins/mystickymenu/js/morphext/morphext.mineed8.js]
[wineandrubs.co.ke/wp-content/plugins/mystickymenu/js/welcomebar-fronteed8.js]
[wineandrubs.co.ke/wp-content/plugins/mystickymenu/js/detectmobilebrowsereed8.js]
[wineandrubs.co.ke/wp-content/plugins/mystickymenu/js/mystickymenu.mineed8.js]
[wineandrubs.co.ke/wp-content/plugins/blossomthemes-toolkit/public/js/fontawesome/all.min6a4d.js]
[wineandrubs.co.ke/wp-content/plugins/woocommerce/assets/js/sourcebuster/sourcebuster.minc484.js]
[wineandrubs.co.ke/wp-content/plugins/woocommerce/assets/js/frontend/order-attribution.minc484.js]
[wineandrubs.co.ke/wp-content/themes/blossom-spa/js/owl.carousel.min77e6.js]
[wineandrubs.co.ke/wp-content/themes/blossom-spa/js/owlcarousel2-a11ylayer.min3958.js]
[wineandrubs.co.ke/wp-content/themes/blossom-spa/js/perfect-scrollbar.min6f3e.js]
[wineandrubs.co.ke/wp-content/themes/blossom-spa/js/custom.mine34c.js]
[wineandrubs.co.ke/wp-content/themes/blossom-spa/js/modal-accessibility.mine34c.js]
[cdn.trustindex.io/loaderadc6.js]
[wineandrubs.co.ke/wp-content/plugins/blossomthemes-toolkit/public/js/odometer.minb67e.js]
[wineandrubs.co.ke/wp-content/plugins/blossomthemes-toolkit/public/js/waypoint.minb95e.js]
[wineandrubs.co.ke/index.html]
[gmpg.org/xfn/11.html]
[maps.googleapis.com/index.html]
[www.googletagmanager.com/index.html]
[fonts.googleapis.com/index.html]
[fonts.googleapis.com/css0653.css]
[fonts.googleapis.com/css0fce.css]
[wineandrubs.co.ke/xmlrpc0db0.html]
[wineandrubs.co.ke/wp-content/plugins/elementor/assets/lib/eicons/css/elementor-icons.mine94d.css]
[wineandrubs.co.ke/wp-content/plugins/elementor/assets/css/frontend-lite.mindcff.css]
[wineandrubs.co.ke/wp-content/plugins/elementor/assets/lib/swiper/v8/css/swiper.min94a4.css]
[wineandrubs.co.ke/wp-content/plugins/ameliabooking/public/css/frontend/elementor9c05.css]
[wineandrubs.co.ke/wp-content/plugins/elementor-pro-6/assets/css/frontend-lite.min08e6.css]
[wineandrubs.co.ke/wp-content/plugins/elementor/assets/lib/font-awesome/css/all.mindcff.css]
[wineandrubs.co.ke/wp-content/plugins/elementor/assets/lib/font-awesome/css/v4-shims.mindcff.css]
[wineandrubs.co.ke/wp-content/plugins/elementor/assets/lib/font-awesome/js/v4-shims.mindcff.js]
[wineandrubs.co.ke/wp-json/wp/v2/pages/71.json]
[wineandrubs.co.ke/wp-json/oembed/1.0/embedfc41.json]
[wineandrubs.co.ke/wp-json/oembed/1.0/embed7d27]
[wineandrubs.co.ke/wp-content/uploads/2023/05/photo-1675159364615-38e1f6b62282-1770x700.jpg]
[wineandrubs.co.ke/wp-content/uploads/2023/05/photo-1675159364615-38e1f6b62282-300x200.jpg]
[wineandrubs.co.ke/wp-content/uploads/2021/10/360_F_458679548_Hbf4F6yGwIQ6QfivjHAxmG5UFnEPGI0d-removebg-preview-1.png]
[wineandrubs.co.ke/wp-content/plugins/elementor-pro-6/assets/js/webpack-pro.runtime.min08e6.js]
[wineandrubs.co.ke/wp-content/plugins/elementor/assets/js/webpack.runtime.mindcff.js]
[wineandrubs.co.ke/wp-content/plugins/elementor/assets/js/frontend-modules.mindcff.js]
[wineandrubs.co.ke/wp-includes/js/dist/vendor/wp-polyfill-inert.min0226.js]
[wineandrubs.co.ke/wp-includes/js/dist/vendor/regenerator-runtime.min6c85.js]
[wineandrubs.co.ke/wp-includes/js/dist/vendor/wp-polyfill.min2c7c.js]
[wineandrubs.co.ke/wp-includes/js/dist/hooks.min2757.js]
[wineandrubs.co.ke/wp-includes/js/dist/i18n.minc33c.js]
[wineandrubs.co.ke/wp-content/plugins/elementor-pro-6/assets/js/frontend.min08e6.js]
[wineandrubs.co.ke/wp-content/plugins/elementor/assets/lib/waypoints/waypoints.min05da.js]
[wineandrubs.co.ke/wp-includes/js/jquery/ui/core.min3f14.js]
[wineandrubs.co.ke/wp-content/plugins/elementor/assets/js/frontend.mindcff.js]
[wineandrubs.co.ke/wp-content/plugins/elementor-pro-6/assets/js/elements-handlers.min08e6.js]
[wineandrubs.co.ke/who-we-are/index.html]
[wineandrubs.co.ke/wp-json/wp/v2/pages/884.json]
[wineandrubs.co.ke/wp-json/oembed/1.0/embed94e9.json]
[wineandrubs.co.ke/reviews/index.html]
[wineandrubs.co.ke/wp-json/oembed/1.0/embedb27e]
[wineandrubs.co.ke/wp-content/uploads/2024/07/NECKSHOULDERS-REFLEXOLOGY-EXPRESS-MASSAGE-THERAPEUTIC-MASSAGE-DEEP-TISSUE-MASSAGE-PERCUSSION-MASSAGE-AROMATHERAPY-2-576x1024.jpg]
[wineandrubs.co.ke/wp-json/wp/v2/pages/1343.json]
[wineandrubs.co.ke/wp-json/oembed/1.0/embedd7c3.json]
[wineandrubs.co.ke/wp-json/oembed/1.0/embed6be5]
[wineandrubs.co.ke/wp-content/uploads/2023/07/Kindly-note-that-all-treatments-in-this-package-exclusive-of-reflexology-are-back-massage-only.-3-2-min-576x1024.png]
[wineandrubs.co.ke/wp-content/uploads/2024/01/2-4-576x1024.jpg]
[wineandrubs.co.ke/catalogue/index.html]
[wineandrubs.co.ke/wp-content/uploads/2024/02/KES-3000-KES-4000-KES-4500-KES-5000-KES-5000-KES5000-KES-6000-3-576x1024.jpg]
[wineandrubs.co.ke/wp-json/wp/v2/pages/171.json]
[wineandrubs.co.ke/wp-json/oembed/1.0/embed7e28.json]
[wineandrubs.co.ke/wp-json/oembed/1.0/embed2484]
[wineandrubs.co.ke/book-now/index.html]
[wineandrubs.co.ke/wp-content/plugins/ameliabooking/v3/public/assets/public.04da4e719c05.js]
[wineandrubs.co.ke/membership/index.html]
[wineandrubs.co.ke/shop/index.html]
[wineandrubs.co.ke/wp-content/uploads/2022/06/pw-gift-card.png]
[wineandrubs.co.ke/wp-content/plugins/woocommerce/assets/css/photoswipe/photoswipe.minc484.css]
[wineandrubs.co.ke/wp-content/plugins/woocommerce/assets/css/photoswipe/default-skin/default-skin.minc484.css]
[wineandrubs.co.ke/wp-content/plugins/woocommerce/assets/js/zoom/jquery.zoom.minf131.js]
[wineandrubs.co.ke/wp-content/plugins/woocommerce/assets/js/flexslider/jquery.flexslider.min339c.js]
[wineandrubs.co.ke/wp-content/plugins/woocommerce/assets/js/photoswipe/photoswipe.mincbb6.js]
[wineandrubs.co.ke/wp-content/plugins/woocommerce/assets/js/photoswipe/photoswipe-ui-default.mincbb6.js]
[wineandrubs.co.ke/wp-content/plugins/woocommerce/assets/js/frontend/single-product.minc484.js]
[wineandrubs.co.ke/wp-json/wp/v2/product/1164.json]
[wineandrubs.co.ke/wp-json/oembed/1.0/embede02c.json]
[wineandrubs.co.ke/wp-json/oembed/1.0/embede1e1]
[wineandrubs.co.ke/wp-content/plugins/pw-gift-cards/assets/css/pikaday-1.8.2.mineb19.css]
[wineandrubs.co.ke/wp-includes/js/underscore.mind584.js]
[wineandrubs.co.ke/wp-includes/js/wp-util.minadc6.js]
[wineandrubs.co.ke/product-category/gifts-vouchers/index.html]
[wineandrubs.co.ke/wp-content/plugins/woocommerce/assets/js/frontend/add-to-cart-variation.minc484.js]
[wineandrubs.co.ke/product/gift-card/index.html]
[wineandrubs.co.ke/wp-content/uploads/2024/02/Myofascial-Release-Therapy-1200x565-1-776x517.jpg]
[wineandrubs.co.ke/wp-content/uploads/2023/02/Shirodhara-776x517.jpg]
[wineandrubs.co.ke/what-is-myofascial-release-and-does-it-work/index.html]
[wineandrubs.co.ke/wp-content/uploads/2022/08/photo-1565014208903-fdfd6c464221-776x517.jpg]
[wineandrubs.co.ke/category/winenrubs/index.html]
[wineandrubs.co.ke/wp-content/uploads/2022/08/main-qimg-833979b0cc61327ca740ff230500ba7a-lq.jpg]
[wineandrubs.co.ke/author/artur/index.html]
[wineandrubs.co.ke/wp-content/uploads/2022/08/woman-having-head-and-neck-massaged-776x517.jpg]
[wineandrubs.co.ke/so-what-exactly-is-an-ayurvedic-massage/index.html]
[wineandrubs.co.ke/what-is-sensual-massage/index.html]
[wineandrubs.co.ke/what-yoni-massage-is-and-how-to-practice-it/index.html]
[wineandrubs.co.ke/wp-content/uploads/2022/08/cellulite-on-thighs-600x300-1.jpg]
[wineandrubs.co.ke/wp-content/uploads/2021/11/yonimassage-776x517.jpg]
[wineandrubs.co.ke/craniosacral-therapy-does-it-work/index.html]
[wineandrubs.co.ke/anti-cellulite-massage/index.html]
[wineandrubs.co.ke/incorporating-massage-into-your-wellness-routine/index.html]
[wineandrubs.co.ke/wp-content/uploads/2021/12/backpain_caro_original_45343-776x517.jpg]
[wineandrubs.co.ke/wp-content/uploads/2021/12/alcohol-alcoholic-whisky-732x549-thumbnail-732x549-1-732x517.jpg]
[wineandrubs.co.ke/blog/index.html]
[wineandrubs.co.ke/how-pain-can-affect-your-emotional-wellness/index.html]
[wineandrubs.co.ke/wp-content/plugins/woocommerce/assets/css/select2c484.css]
[wineandrubs.co.ke/alcohol-massage-should-you-mix-the-two/index.html]
[wineandrubs.co.ke/wp-content/plugins/woocommerce/assets/js/selectWoo/selectWoo.full.min62f6.js]
[wineandrubs.co.ke/wp-includes/js/zxcvbn-async.min5152.js]
[wineandrubs.co.ke/wp-admin/js/password-strength-meter.minadc6.js]
[wineandrubs.co.ke/wp-content/plugins/woocommerce/assets/js/frontend/password-strength-meter.minc484.js]
[wineandrubs.co.ke/wp-json/wp/v2/pages/83.json]
[wineandrubs.co.ke/wp-json/oembed/1.0/embedc724.json]
[wineandrubs.co.ke/my-account/index.html]
[wineandrubs.co.ke/packages/index.html]
[wineandrubs.co.ke/book/index.html]
[wineandrubs.co.ke/wp-json/oembed/1.0/embed9342]
[wineandrubs.co.ke/my-account/lost-password/index.html]
[wineandrubs.co.ke/wp-content/uploads/2021/11/harvestspa1-1024x806.jpg]
[wineandrubs.co.ke/wp-json/wp/v2/pages/1011.json]
[wineandrubs.co.ke/wp-json/oembed/1.0/embed0c31.json]
[wineandrubs.co.ke/wp-json/oembed/1.0/embedac02]
[wineandrubs.co.ke/wp-content/uploads/2022/08/photo-1565014208903-fdfd6c464221.jpg]
[wineandrubs.co.ke/wp-content/uploads/2021/11/a-woman-has-a-soothing-ayurveda-massage-to-her-forehead-157647424-587fd3723df78c2ccde4465e-5bad17274cedfd00267dbe50-1024x1024.jpg]
[wineandrubs.co.ke/wp-content/uploads/2021/11/wellness-3666624_1280-1024x682.jpg]
[wineandrubs.co.ke/wp-content/uploads/2021/12/prenatal-massage-winenrubs.jpg]
[wineandrubs.co.ke/wp-content/uploads/2021/11/aromatherapy-Massage-jpg-scaled-1-1024x768.jpg]
[wineandrubs.co.ke/wp-content/uploads/2021/11/ssage.jpg]
[wineandrubs.co.ke/wp-content/uploads/2021/11/yonimassage-1024x682.jpg]
[wineandrubs.co.ke/wp-content/uploads/2022/08/woman-having-head-and-neck-massaged-1024x683.jpg]
[wineandrubs.co.ke/wp-content/uploads/2021/11/IMG_8690-Edit.jpg]
[wineandrubs.co.ke/wp-content/uploads/2023/02/Image-01-02-2023-at-13.05-1024x683.jpg]
[wineandrubs.co.ke/wp-content/uploads/2023/02/48309986f80f0481110e2d152c9ce540.jpg]
[wineandrubs.co.ke/wp-content/uploads/2023/02/download-1080x675-1-1024x640.jpg]
[wineandrubs.co.ke/wp-content/uploads/2023/02/full-body-scrub-treatment-30-mins-3-fi3275285x520.jpg]
[wineandrubs.co.ke/wp-content/uploads/2023/02/foot-massage.png]
[wineandrubs.co.ke/wp-content/uploads/2022/06/istock-486872832.jpg.webp]
[wineandrubs.co.ke/wp-content/uploads/2024/02/istockphoto-1372543749-640x640-1.jpg]
[wineandrubs.co.ke/services/index.html]
[wineandrubs.co.ke/legal/index.html]
[gmpg.org/xfn/.html]
[gmpg.org/xfn/intro.html]
[gmpg.org/xfn/faq.html]
[fonts.googleapis.com/css4b81.css]
[fonts.gstatic.com/index.html]
[wineandrubs.co.ke/index6cf3.html]
[fonts.googleapis.com/csse41a.css]
[wineandrubs.co.ke/index470a.html]
[wineandrubs.co.ke/indexac17.html]
[wineandrubs.co.ke/massage-indicators/index.html]
[wineandrubs.co.ke/indexa828.html]
[wineandrubs.co.ke/indexa873.html]
[wineandrubs.co.ke/product-category/gifts-vouchers/index.html]
[wineandrubs.co.ke/wp-json/wp/v2/product_cat/32.json]
[wineandrubs.co.ke/wp-content/uploads/2024/02/Myofascial-Release-Therapy-1200x565-1.jpg]
[wineandrubs.co.ke/product-category/gifts-vouchers/feed/index.html]
[wineandrubs.co.ke/wp-json/wp/v2/posts/3360.json]
[wineandrubs.co.ke/wp-json/oembed/1.0/embed5a1d.json]
[wineandrubs.co.ke/what-is-myofascial-release-and-does-it-work/feed/index.html]
[wineandrubs.co.ke/wp-json/oembed/1.0/embedc1f0]
[wineandrubs.co.ke/wp-content/uploads/2023/02/Shirodhara-370x247.jpg]
[wineandrubs.co.ke/wp-content/uploads/2022/08/photo-1565014208903-fdfd6c464221-110x83.jpg]
[wineandrubs.co.ke/wp-content/uploads/2021/12/backpain_caro_original_45343-110x83.jpg]
[wineandrubs.co.ke/wp-content/uploads/2021/12/alcohol-alcoholic-whisky-732x549-thumbnail-732x549-1-110x83.jpg]
[wineandrubs.co.ke/wp-includes/js/comment-reply.minadc6.js]
[wineandrubs.co.ke/what-is-myofascial-release-and-does-it-work/index.html]
[wineandrubs.co.ke/wp-json/wp/v2/categories/38.json]
[wineandrubs.co.ke/category/winenrubs/index.html]
[wineandrubs.co.ke/category/winenrubs/feed/index.html]
[wineandrubs.co.ke/author/artur/feed/index.html]
[wineandrubs.co.ke/wp-json/wp/v2/users/12.json]
[wineandrubs.co.ke/author/artur/index.html]
[secure.gravatar.com/avatar/498e7bed25f44cc4beaf82e79f01517e0aa7.png]
[wineandrubs.co.ke/wp-content/uploads/2023/02/Shirodhara.jpg]
[wineandrubs.co.ke/wp-json/wp/v2/posts/2038.json]
[wineandrubs.co.ke/so-what-exactly-is-an-ayurvedic-massage/feed/index.html]
[wineandrubs.co.ke/wp-json/oembed/1.0/embed03c0.json]
[wineandrubs.co.ke/wp-json/oembed/1.0/embed4da1]
[wineandrubs.co.ke/wp-content/uploads/2023/02/Shirodhara-1440x700.jpg]
[wineandrubs.co.ke/wp-content/uploads/2023/02/90-1024x439.jpg]
[wineandrubs.co.ke/wp-content/uploads/2022/08/photo-1565014208903-fdfd6c464221-370x247.jpg]
[wineandrubs.co.ke/wp-content/uploads/2024/02/Myofascial-Release-Therapy-1200x565-1-370x247.jpg]
[wineandrubs.co.ke/wp-content/uploads/2022/08/main-qimg-833979b0cc61327ca740ff230500ba7a-lq-110x83.jpg]
[wineandrubs.co.ke/wp-content/uploads/2021/11/yonimassage-110x83.jpg]
[wineandrubs.co.ke/so-what-exactly-is-an-ayurvedic-massage/index.html]
[wineandrubs.co.ke/wp-json/wp/v2/posts/1390.json]
[wineandrubs.co.ke/what-is-sensual-massage/feed/index.html]
[wineandrubs.co.ke/wp-json/oembed/1.0/embed729f.json]
[wineandrubs.co.ke/wp-json/oembed/1.0/embed2263]
[wineandrubs.co.ke/wp-content/uploads/2022/08/main-qimg-833979b0cc61327ca740ff230500ba7a-lq-370x247.jpg]
[wineandrubs.co.ke/wp-content/uploads/2022/08/cellulite-on-thighs-600x300-1-110x83.jpg]
[wineandrubs.co.ke/what-is-sensual-massage/index.html]
[wineandrubs.co.ke/wp-json/wp/v2/posts/1385.json]
[wineandrubs.co.ke/what-yoni-massage-is-and-how-to-practice-it/feed/index.html]
[wineandrubs.co.ke/wp-json/oembed/1.0/embed0abb.json]
[wineandrubs.co.ke/wp-json/oembed/1.0/embedb4a1]
[i0.wp.com/post.medicalnewstoday.com/wp-content/uploads/sites/3/2022/01/yoni_massage_Stocksy_txp5e75d7acJpK300_Medium_686941_Header-1024x5755aca.jpg]
[wineandrubs.co.ke/wp-content/uploads/2022/08/woman-having-head-and-neck-massaged-370x247.jpg]
[wineandrubs.co.ke/wp-content/uploads/2024/02/Myofascial-Release-Therapy-1200x565-1-110x83.jpg]
[wineandrubs.co.ke/what-yoni-massage-is-and-how-to-practice-it/index.html]
[wineandrubs.co.ke/wp-content/uploads/2022/08/woman-having-head-and-neck-massaged.jpg]
[wineandrubs.co.ke/craniosacral-therapy-does-it-work/feed/index.html]
[wineandrubs.co.ke/wp-json/wp/v2/posts/1382.json]
[wineandrubs.co.ke/wp-json/oembed/1.0/embed16e3]
[wineandrubs.co.ke/wp-content/uploads/2022/08/woman-having-head-and-neck-massaged-1100x700.jpg]
[i0.wp.com/cdn-prod.medicalnewstoday.com/content/images/articles/318/318490/woman-having-head-and-neck-massaged3a93.jpg]
[i0.wp.com/cdn-prod.medicalnewstoday.com/content/images/articles/318/318490/doctor-pointing-at-a-model-of-the-spine3a93.jpg]
[i0.wp.com/cdn-prod.medicalnewstoday.com/content/images/articles/318/318490/woman-with-asthma-using-inhaler3844.jpg]
[wineandrubs.co.ke/wp-content/uploads/2022/08/cellulite-on-thighs-600x300-1-370x247.jpg]
[wineandrubs.co.ke/craniosacral-therapy-does-it-work/index.html]
[wineandrubs.co.ke/wp-content/uploads/2023/02/Shirodhara-110x83.jpg]
[wineandrubs.co.ke/wp-json/wp/v2/posts/1378.json]
[wineandrubs.co.ke/anti-cellulite-massage/feed/index.html]
[wineandrubs.co.ke/wp-json/oembed/1.0/embedeb8b.json]
[wineandrubs.co.ke/wp-json/oembed/1.0/embed0457]
[wineandrubs.co.ke/wp-content/uploads/2022/08/cellulite-on-bum-600x469-1.jpg]
[wineandrubs.co.ke/wp-content/uploads/2021/11/yonimassage-370x247.jpg]
[wineandrubs.co.ke/anti-cellulite-massage/index.html]
[wineandrubs.co.ke/wp-content/uploads/2021/11/yonimassage.jpg]
[wineandrubs.co.ke/incorporating-massage-into-your-wellness-routine/feed/index.html]
[wineandrubs.co.ke/wp-json/wp/v2/posts/1124.json]
[wineandrubs.co.ke/wp-json/oembed/1.0/embed0b1e.json]
[wineandrubs.co.ke/wp-json/oembed/1.0/embed8b3c]
[wineandrubs.co.ke/wp-content/uploads/2021/11/yonimassage-1920x700.jpg]
[wineandrubs.co.ke/wp-content/uploads/2021/12/backpain_caro_original_45343-370x247.jpg]
[wineandrubs.co.ke/wp-content/uploads/2022/08/woman-having-head-and-neck-massaged-110x83.jpg]
[wineandrubs.co.ke/incorporating-massage-into-your-wellness-routine/index.html]
[wineandrubs.co.ke/wp-content/uploads/2021/12/backpain_caro_original_45343.jpg]
[wineandrubs.co.ke/wp-json/wp/v2/posts/1053.json]
[wineandrubs.co.ke/how-pain-can-affect-your-emotional-wellness/feed/index.html]
[wineandrubs.co.ke/wp-json/oembed/1.0/embed3703.json]
[wineandrubs.co.ke/wp-json/oembed/1.0/embed2d94]
[wineandrubs.co.ke/wp-content/uploads/2021/12/backpain_caro_original_45343-1280x700.jpg]
[wineandrubs.co.ke/wp-content/uploads/2021/12/alcohol-alcoholic-whisky-732x549-thumbnail-732x549-1-370x247.jpg]
[wineandrubs.co.ke/how-pain-can-affect-your-emotional-wellness/index.html]
[wineandrubs.co.ke/wp-content/uploads/2021/12/alcohol-alcoholic-whisky-732x549-thumbnail-732x549-1.jpg]
[wineandrubs.co.ke/wp-json/wp/v2/posts/1043.json]
[wineandrubs.co.ke/alcohol-massage-should-you-mix-the-two/feed/index.html]
[wineandrubs.co.ke/wp-json/oembed/1.0/embede303.json]
[wineandrubs.co.ke/wp-json/oembed/1.0/embed038a]
[wineandrubs.co.ke/alcohol-massage-should-you-mix-the-two/index.html]
[wineandrubs.co.ke/index55e4.html]
[wineandrubs.co.ke/wp-content/plugins/woocommerce/assets/js/frontend/lost-password.minc484.js]
[wineandrubs.co.ke/my-account/lost-password/index.html]
[fonts.googleapis.com/cssbc10.css]
[wineandrubs.co.ke/index3388.html]
[wineandrubs.co.ke/indexd40d.html]
[wineandrubs.co.ke/xmlrpc.html]
[wineandrubs.co.ke/indexc7d1.html]
[wineandrubs.co.ke/index93a9.html]
[wineandrubs.co.ke/index26d0.html]
[wineandrubs.co.ke/index68e8.html]
[wineandrubs.co.ke/indexe2c5.html]
[wineandrubs.co.ke/indexd832.html]
[wineandrubs.co.ke/index6c4a.html]
[wineandrubs.co.ke/index080f.html]
[wineandrubs.co.ke/wp-json/oembed/1.0/embedbef7]
[wineandrubs.co.ke/wp-content/plugins/woocommerce-points-and-rewards/build/style-indexa1bd.css]
[wineandrubs.co.ke/wp-includes/css/dist/block-library/style.minadc6.css]
[wineandrubs.co.ke/wp-json/index.html]
[wineandrubs.co.ke/wp-json/wp/v2/pages/11.json]
[wineandrubs.co.ke/wp-content/plugins/blossomthemes-toolkit/public/css/blossomthemes-toolkit-public.mindbc2.css]
[wineandrubs.co.ke/wp-json/oembed/1.0/embed79d6]
[lh3.googleusercontent.com/a/unnamed.png]
[lh3.googleusercontent.com/a/unnamed-2.png]
[lh3.googleusercontent.com/a-/unnamed.png]
[lh3.googleusercontent.com/a-/unnamed-2.png]
[lh3.googleusercontent.com/a-/unnamed-3.png]
[lh3.googleusercontent.com/a-/unnamed-4.png]
[lh3.googleusercontent.com/a-/unnamed-5.png]
[wineandrubs.co.ke/wp-content/plugins/woo-mpesa/public/css/wc-kb-mpesa-publicf269.css]
[wineandrubs.co.ke/wp-content/plugins/woocommerce-menu-bar-cart/assets/css/wpmenucart-icons.mind1e7.css]
[wineandrubs.co.ke/wp-content/plugins/woocommerce-menu-bar-cart/assets/css/wpmenucart-main.mind1e7.css]
[wineandrubs.co.ke/wp-json/wp/v2/pages/71.json]
[wineandrubs.co.ke/wp-content/plugins/woocommerce/assets/css/woocommerce-layoutc484.css]
[wineandrubs.co.ke/wp-json/oembed/1.0/embedfc41.json]
[wineandrubs.co.ke/wp-content/plugins/woocommerce/assets/css/woocommerce-smallscreenc484.css]
[lh3.googleusercontent.com/a-/unnamed-6.png]
[lh3.googleusercontent.com/a/unnamed-4.png]
[wineandrubs.co.ke/wp-json/oembed/1.0/embed7d27]
[wineandrubs.co.ke/wp-content/plugins/woocommerce/assets/fonts/WooCommerce.woff2]
[wineandrubs.co.ke/wp-content/plugins/woocommerce/assets/fonts/WooCommerce.woff]
[wineandrubs.co.ke/wp-content/plugins/woocommerce/assets/fonts/WooCommerce.ttf]
[wineandrubs.co.ke/wp-json/wp/v2/pages/884.json]
[wineandrubs.co.ke/wp-json/oembed/1.0/embed94e9.json]
[wineandrubs.co.ke/wp-json/oembed/1.0/embedb27e]
[wineandrubs.co.ke/wp-json/oembed/1.0/embed6be5]
[wineandrubs.co.ke/wp-json/wp/v2/pages/1343.json]
[wineandrubs.co.ke/wp-content/plugins/woocommerce/assets/images/icons/credit-cards/visa.svg]
[wineandrubs.co.ke/wp-json/oembed/1.0/embed7e28.json]
[wineandrubs.co.ke/wp-content/plugins/woocommerce/assets/images/icons/credit-cards/mastercard.svg]
[wineandrubs.co.ke/wp-json/wp/v2/pages/171.json]
[wineandrubs.co.ke/wp-json/oembed/1.0/embed2484]
[wineandrubs.co.ke/wp-content/plugins/woocommerce/assets/images/icons/credit-cards/laser.svg]
[wineandrubs.co.ke/wp-json/wp/v2/product/1164.json]
[wineandrubs.co.ke/wp-json/oembed/1.0/embede02c.json]
[wineandrubs.co.ke/wp-content/plugins/woocommerce/assets/images/icons/credit-cards/diners.svg]
[wineandrubs.co.ke/wp-content/plugins/woocommerce/assets/images/icons/credit-cards/maestro.svg]
[wineandrubs.co.ke/wp-json/oembed/1.0/embede1e1]
[wineandrubs.co.ke/wp-content/plugins/woocommerce/assets/images/icons/credit-cards/jcb.svg]
[wineandrubs.co.ke/wp-content/plugins/woocommerce/assets/images/icons/credit-cards/amex.svg]
[wineandrubs.co.ke/wp-content/plugins/woocommerce/assets/images/icons/credit-cards/discover.svg]
[wineandrubs.co.ke/wp-content/plugins/woocommerce/assets/css/woocommercec484.css]
[wineandrubs.co.ke/wp-json/wp/v2/pages/1011.json]
[wineandrubs.co.ke/wp-json/wp/v2/pages/83.json]
[wineandrubs.co.ke/wp-json/oembed/1.0/embed9342]
[wineandrubs.co.ke/wp-json/oembed/1.0/embed0c31.json]
[wineandrubs.co.ke/wp-content/themes/blossom-spa/images/bg-search.10f.delayed]
[wineandrubs.co.ke/wp-content/themes/blossom-spa/css/woocommerce.mine34c.css]
[wineandrubs.co.ke/wp-json/oembed/1.0/embedac02]
[wineandrubs.co.ke/wp-content/themes/blossom-spa/css/animate.min49eb.css]
[wineandrubs.co.ke/wp-content/themes/blossom-spa/css/owl.video.play.110.delayed]
[wineandrubs.co.ke/wp-content/themes/blossom-spa/css/owl.carousel.min77e6.css]
[wineandrubs.co.ke/product-category/gifts-vouchers/feed/index.html]
[wineandrubs.co.ke/wp-content/themes/blossom-spa/css/perfect-scrollbar.minc6bd.css]
[wineandrubs.co.ke/wp-json/wp/v2/product_cat/32.json]
[wineandrubs.co.ke/wp-content/themes/blossom-spa/images/check-mark.svg]
[wineandrubs.co.ke/what-is-myofascial-release-and-does-it-work/feed/index.html]
[wineandrubs.co.ke/wp-content/themes/blossom-spa/images/overlay.png]
[wineandrubs.co.ke/wp-json/wp/v2/posts/3360.json]
[wineandrubs.co.ke/wp-json/oembed/1.0/embed5a1d.json]
[wineandrubs.co.ke/wp-content/themes/blossom-spa/stylee34c.css]
[wineandrubs.co.ke/wp-content/themes/blossom-spa/images/search-icon.svg]
[wineandrubs.co.ke/category/winenrubs/feed/index.html]
[wineandrubs.co.ke/author/artur/feed/index.html]
[wineandrubs.co.ke/wp-json/wp/v2/users/12.json]
[wineandrubs.co.ke/wp-json/wp/v2/posts/2038.json]
[wineandrubs.co.ke/so-what-exactly-is-an-ayurvedic-massage/feed/index.html]
[wineandrubs.co.ke/wp-json/wp/v2/categories/38.json]
[wineandrubs.co.ke/xmlrpc0db0.html]
[wineandrubs.co.ke/wp-json/oembed/1.0/embed4da1]
[wineandrubs.co.ke/wp-json/oembed/1.0/embed03c0.json]
[wineandrubs.co.ke/who-we-are/index.html]
[wineandrubs.co.ke/membership/index.html]
[secure.gravatar.com/avatar/498e7bed25f44cc4beaf82e79f01517e0aa7.png]
[cdn.trustindex.io/assets/platform/Google/logo-dark.svg]
[wineandrubs.co.ke/what-is-sensual-massage/feed/index.html]
[wineandrubs.co.ke/wp-json/wp/v2/posts/1390.json]
[wineandrubs.co.ke/wp-json/oembed/1.0/embed2263]
[wineandrubs.co.ke/wp-json/oembed/1.0/embed729f.json]
[wineandrubs.co.ke/what-yoni-massage-is-and-how-to-practice-it/feed/index.html]
[wineandrubs.co.ke/wp-json/wp/v2/posts/1385.json]
[i0.wp.com/post.medicalnewstoday.com/wp-content/uploads/sites/3/2022/01/yoni_massage_Stocksy_txp5e75d7acJpK300_Medium_686941_Header-1024x5755aca.jpg]
[wineandrubs.co.ke/wp-json/oembed/1.0/embedb4a1]
[wineandrubs.co.ke/craniosacral-therapy-does-it-work/feed/index.html]
[lh3.googleusercontent.com/a/unnamed-3.png]
[wineandrubs.co.ke/legal/index.html]
[wineandrubs.co.ke/wp-json/wp/v2/posts/1382.json]
[i0.wp.com/cdn-prod.medicalnewstoday.com/content/images/articles/318/318490/woman-having-head-and-neck-massaged3a93.jpg]
[wineandrubs.co.ke/wp-content/plugins/woocommerce/assets/client/blocks/wc-blocks58b2.css]
[i0.wp.com/cdn-prod.medicalnewstoday.com/content/images/articles/318/318490/doctor-pointing-at-a-model-of-the-spine3a93.jpg]
[i0.wp.com/cdn-prod.medicalnewstoday.com/content/images/articles/318/318490/woman-with-asthma-using-inhaler3844.jpg]
[cdn.trustindex.io/assets/platform/Trustindex/star/s.svg]
[wineandrubs.co.ke/wp-content/uploads/trustindex-google-widget5f44.css]
[wineandrubs.co.ke/anti-cellulite-massage/feed/index.html]
[wineandrubs.co.ke/wp-json/oembed/1.0/embed16e3]
[wineandrubs.co.ke/wp-json/wp/v2/posts/1378.json]
[wineandrubs.co.ke/wp-json/oembed/1.0/embedeb8b.json]
[wineandrubs.co.ke/wp-json/oembed/1.0/embed0457]
[wineandrubs.co.ke/incorporating-massage-into-your-wellness-routine/feed/index.html]
[wineandrubs.co.ke/wp-json/wp/v2/posts/1124.json]
[wineandrubs.co.ke/how-pain-can-affect-your-emotional-wellness/feed/index.html]
[wineandrubs.co.ke/wp-json/wp/v2/posts/1053.json]
[wineandrubs.co.ke/wp-json/oembed/1.0/embed8b3c]
[wineandrubs.co.ke/alcohol-massage-should-you-mix-the-two/feed/index.html]
[wineandrubs.co.ke/wp-json/wp/v2/posts/1043.json]
[gmpg.org/xfn/default.css]
[wineandrubs.co.ke/wp-json/oembed/1.0/embed2d94]
[wineandrubs.co.ke/wp-json/oembed/1.0/embede303.json]
[wineandrubs.co.ke/wp-content/plugins/elementor/assets/lib/eicons/fonts/eiconsc63f.eot]
[wineandrubs.co.ke/wp-json/oembed/1.0/embed038a]
[wineandrubs.co.ke/wp-content/plugins/elementor/assets/lib/eicons/fonts/eiconsc63f.woff2]
[wineandrubs.co.ke/wp-content/plugins/elementor/assets/lib/eicons/fonts/eiconsc63f.woff]
[wineandrubs.co.ke/wp-content/plugins/elementor/assets/lib/eicons/fonts/eiconsc63f.ttf]
[wineandrubs.co.ke/wp-content/plugins/elementor/assets/lib/eicons/css/elementor-icons.mine94d.css]
[wineandrubs.co.ke/wp-content/plugins/elementor/assets/css/frontend-lite.mindcff.css]
[wineandrubs.co.ke/wp-content/plugins/elementor/assets/lib/swiper/v8/css/swiper.min94a4.css]
[wineandrubs.co.ke/wp-content/plugins/elementor/assets/lib/eicons/fonts/eiconsc63f.svg]
[wineandrubs.co.ke/wp-content/plugins/ameliabooking/public/fonts/amelia-logo-symbol9da7.svg]
[wineandrubs.co.ke/wp-content/plugins/ameliabooking/public/fonts/amelia-logo-betaf5c6.svg]
[wineandrubs.co.ke/wp-content/plugins/ameliabooking/public/fonts/amelia-logo-outdated7259.svg]
[wineandrubs.co.ke/wp-content/plugins/ameliabooking/public/css/frontend/elementor9c05.css]
[wineandrubs.co.ke/wp-content/plugins/elementor-pro-6/assets/css/frontend-lite.min08e6.css]
[wineandrubs.co.ke/wp-content/plugins/elementor/assets/lib/font-awesome/webfonts/fa-brands-400.eot]
[wineandrubs.co.ke/wp-content/plugins/elementor/assets/lib/font-awesome/webfonts/fa-brands-400d41d.eot]
[wineandrubs.co.ke/wp-content/plugins/elementor/assets/lib/font-awesome/webfonts/fa-brands-400.woff2]
[wineandrubs.co.ke/wp-content/plugins/elementor/assets/lib/font-awesome/webfonts/fa-brands-400.woff]
[wineandrubs.co.ke/wp-content/plugins/elementor/assets/lib/font-awesome/webfonts/fa-brands-400.ttf]
[wineandrubs.co.ke/wp-content/plugins/elementor/assets/lib/font-awesome/webfonts/fa-brands-400.svg]
[wineandrubs.co.ke/wp-content/plugins/elementor/assets/lib/font-awesome/webfonts/fa-regular-400.eot]
[wineandrubs.co.ke/wp-content/plugins/elementor/assets/lib/font-awesome/webfonts/fa-regular-400d41d.eot]
[wineandrubs.co.ke/wp-content/plugins/elementor/assets/lib/font-awesome/webfonts/fa-regular-400.woff2]
[wineandrubs.co.ke/wp-content/plugins/elementor/assets/lib/font-awesome/webfonts/fa-regular-400.woff]
[wineandrubs.co.ke/wp-content/plugins/elementor/assets/lib/font-awesome/webfonts/fa-regular-400.ttf]
[wineandrubs.co.ke/wp-content/plugins/elementor/assets/lib/font-awesome/webfonts/fa-regular-400.svg]
[wineandrubs.co.ke/wp-content/plugins/elementor/assets/lib/font-awesome/webfonts/fa-solid-900.eot]
[wineandrubs.co.ke/wp-content/plugins/elementor/assets/lib/font-awesome/webfonts/fa-solid-900d41d.eot]
[wineandrubs.co.ke/wp-content/plugins/elementor/assets/lib/font-awesome/webfonts/fa-solid-900.woff2]
[wineandrubs.co.ke/wp-content/plugins/elementor/assets/lib/font-awesome/webfonts/fa-solid-900.woff]
[wineandrubs.co.ke/wp-content/plugins/elementor/assets/lib/font-awesome/webfonts/fa-solid-900.ttf]
[wineandrubs.co.ke/wp-content/plugins/elementor/assets/lib/font-awesome/css/all.mindcff.css]
[wineandrubs.co.ke/wp-content/plugins/elementor/assets/lib/font-awesome/css/v4-shims.mindcff.css]
[wineandrubs.co.ke/index6cf3.html]
[wineandrubs.co.ke/wp-content/plugins/elementor/assets/lib/font-awesome/webfonts/fa-solid-900.svg]
[wineandrubs.co.ke/indexac17.html]
[wineandrubs.co.ke/massage-indicators/index.html]
[wineandrubs.co.ke/wp-content/plugins/woocommerce/assets/css/photoswipe/photoswipe.minc484.css]
[wineandrubs.co.ke/wp-content/plugins/woocommerce/assets/css/photoswipe/default-skin/default-skin.png]
[wineandrubs.co.ke/wp-content/plugins/woocommerce/assets/css/photoswipe/default-skin/default-skin.svg]
[wineandrubs.co.ke/wp-content/plugins/woocommerce/assets/css/photoswipe/default-skin/default-skin.minc484.css]
[wineandrubs.co.ke/wp-content/plugins/woocommerce/assets/css/photoswipe/default-skin/preloader.gif]
[wineandrubs.co.ke/indexa873.html]
[wineandrubs.co.ke/wp-content/plugins/pw-gift-cards/assets/css/pikaday-1.8.2.mineb19.css]
[wineandrubs.co.ke/category/winenrubs/index.html]
[wineandrubs.co.ke/what-is-sensual-massage/index.html]
[wineandrubs.co.ke/craniosacral-therapy-does-it-work/index.html]
[wineandrubs.co.ke/anti-cellulite-massage/index.html]
[wineandrubs.co.ke/incorporating-massage-into-your-wellness-routine/index.html]
[wineandrubs.co.ke/how-pain-can-affect-your-emotional-wellness/index.html]
[wineandrubs.co.ke/alcohol-massage-should-you-mix-the-two/index.html]
[wineandrubs.co.ke/wp-content/plugins/woocommerce/assets/css/select2c484.css]
[wineandrubs.co.ke/index55e4.html]
[fonts.googleapis.com/cssbc10.css]
[wineandrubs.co.ke/index3388.html]
[wineandrubs.co.ke/wp-json/oembed/1.0/embedc1f0]
[wineandrubs.co.ke/indexc7d1.html]
[wineandrubs.co.ke/index26d0.html]
[wineandrubs.co.ke/indexe2c5.html]
[wineandrubs.co.ke/index6c4a.html]
[wineandrubs.co.ke/wp-content/plugins/woocommerce/assets/images/icons/loader.svg]
[wineandrubs.co.ke/wp-content/plugins/woocommerce/assets/images/icons/credit-cards/visa.svg]
[wineandrubs.co.ke/wp-content/plugins/woocommerce/assets/images/icons/credit-cards/mastercard.svg]
[wineandrubs.co.ke/wp-content/plugins/woocommerce/assets/images/icons/credit-cards/laser.svg]
[wineandrubs.co.ke/wp-content/plugins/woocommerce/assets/images/icons/credit-cards/diners.svg]
[wineandrubs.co.ke/wp-content/plugins/woocommerce/assets/images/icons/credit-cards/maestro.svg]
[wineandrubs.co.ke/wp-content/plugins/woocommerce/assets/images/icons/credit-cards/jcb.svg]
[wineandrubs.co.ke/wp-content/plugins/woocommerce/assets/images/icons/credit-cards/amex.svg]
[wineandrubs.co.ke/wp-content/plugins/woocommerce/assets/images/icons/credit-cards/discover.svg]
[wineandrubs.co.ke/wp-content/themes/blossom-spa/images/bg-search.html]
[wineandrubs.co.ke/wp-content/themes/blossom-spa/css/owl.video.play.html]
[wineandrubs.co.ke/wp-content/themes/blossom-spa/images/check-mark.svg]
[wineandrubs.co.ke/wp-content/themes/blossom-spa/images/search-icon.svg]
[wineandrubs.co.ke/packages/index.html]
[cdn.trustindex.io/assets/platform/Trustindex/star/s.svg]
[wineandrubs.co.ke/wp-content/plugins/elementor/assets/lib/eicons/fonts/eiconsc63f.svg]
[wineandrubs.co.ke/wp-content/plugins/ameliabooking/public/fonts/amelia-logo-symbol9da7.svg]
[wineandrubs.co.ke/wp-content/plugins/ameliabooking/public/fonts/amelia-logo-betaf5c6.svg]
[wineandrubs.co.ke/wp-content/plugins/ameliabooking/public/fonts/amelia-logo-outdated7259.svg]
[wineandrubs.co.ke/wp-content/plugins/elementor/assets/lib/font-awesome/webfonts/fa-brands-400.svg]
[wineandrubs.co.ke/wp-content/plugins/elementor/assets/lib/font-awesome/webfonts/fa-regular-400.svg]
[wineandrubs.co.ke/wp-content/plugins/elementor/assets/lib/font-awesome/webfonts/fa-solid-900.svg]
[wineandrubs.co.ke/index470a.html]
[wineandrubs.co.ke/wp-content/plugins/woocommerce/assets/css/photoswipe/default-skin/default-skin.svg]
[wineandrubs.co.ke/product-category/gifts-vouchers/index.html]
[wineandrubs.co.ke/my-account/lost-password/index.html]
[wineandrubs.co.ke/indexd40d.html]
[wineandrubs.co.ke/index93a9.html]
[wineandrubs.co.ke/indexd832.html]
[wineandrubs.co.ke/indexa828.html]
[wineandrubs.co.ke/index68e8.html]
[faculty.une.edu/com/shartman/sram.pdf]
[wineandrubs.co.ke/index080f.html]
